
> health-monitor-service@1.0.0 dev
> nodemon src/server.js

[33m[nodemon] 3.1.14[39m
[33m[nodemon] to restart at any time, enter `rs`[39m
[33m[nodemon] watching path(s): *.*[39m
[33m[nodemon] watching extensions: js,mjs,cjs,json[39m
[32m[nodemon] starting `node src/server.js`[39m
◇ injected env (29) from .env // tip: ◈ secrets for agents [www.dotenvx.com]
{"ts":"2026-09-12T06:29:07.186Z","level":"info","service":"health-monitor-service","message":"startup.complete","meta":{"port":4015}}
{"ts":"2026-09-12T06:29:07.744Z","level":"info","service":"health-monitor-service","message":"scheduler.rebuilt","meta":{"services":7,"timers":14}}
{"ts":"2026-09-12T06:29:11.346Z","level":"warn","service":"health-monitor-service","message":"health.check_failed","meta":{"serviceName":"tenant-router","endpoint":"GET /health/monitor","error":"fetch failed"}}
{"ts":"2026-09-12T06:29:11.346Z","level":"warn","service":"health-monitor-service","message":"health.retry","meta":{"serviceName":"tenant-router","endpoint":"GET /health/monitor","attempt":1,"retryCount":2}}
{"ts":"2026-09-12T06:29:11.347Z","level":"warn","service":"health-monitor-service","message":"health.check_failed","meta":{"serviceName":"tenant-router","endpoint":"GET /health","error":"fetch failed"}}
{"ts":"2026-09-12T06:29:11.347Z","level":"warn","service":"health-monitor-service","message":"health.retry","meta":{"serviceName":"tenant-router","endpoint":"GET /health","attempt":1,"retryCount":2}}
{"ts":"2026-09-12T06:29:15.343Z","level":"warn","service":"health-monitor-service","message":"health.check_failed","meta":{"serviceName":"auth-service","endpoint":"GET /health","error":"fetch failed"}}
{"ts":"2026-09-12T06:29:15.343Z","level":"warn","service":"health-monitor-service","message":"health.retry","meta":{"serviceName":"auth-service","endpoint":"GET /health","attempt":1,"retryCount":2}}
{"ts":"2026-09-12T06:29:15.344Z","level":"warn","service":"health-monitor-service","message":"health.check_failed","meta":{"serviceName":"auth-service","endpoint":"GET /health/monitor","error":"fetch failed"}}
{"ts":"2026-09-12T06:29:15.344Z","level":"warn","service":"health-monitor-service","message":"health.retry","meta":{"serviceName":"auth-service","endpoint":"GET /health/monitor","attempt":1,"retryCount":2}}
{"ts":"2026-09-12T06:29:17.739Z","level":"warn","service":"health-monitor-service","message":"health.check_failed","meta":{"serviceName":"alerts-service","endpoint":"GET /health","error":"The operation was aborted due to timeout"}}
{"ts":"2026-09-12T06:29:17.739Z","level":"warn","service":"health-monitor-service","message":"health.retry","meta":{"serviceName":"alerts-service","endpoint":"GET /health","attempt":1,"retryCount":2}}
{"ts":"2026-09-12T06:29:17.741Z","level":"warn","service":"health-monitor-service","message":"health.check_failed","meta":{"serviceName":"alerts-service","endpoint":"GET /health/monitor","error":"The operation was aborted due to timeout"}}
{"ts":"2026-09-12T06:29:17.741Z","level":"warn","service":"health-monitor-service","message":"health.retry","meta":{"serviceName":"alerts-service","endpoint":"GET /health/monitor","attempt":1,"retryCount":2}}
{"ts":"2026-09-12T06:29:17.741Z","level":"warn","service":"health-monitor-service","message":"health.check_failed","meta":{"serviceName":"sessions-service","endpoint":"GET /health","error":"The operation was aborted due to timeout"}}
{"ts":"2026-09-12T06:29:17.741Z","level":"warn","service":"health-monitor-service","message":"health.retry","meta":{"serviceName":"sessions-service","endpoint":"GET /health","attempt":1,"retryCount":2}}
{"ts":"2026-09-12T06:29:17.743Z","level":"warn","service":"health-monitor-service","message":"health.check_failed","meta":{"serviceName":"sessions-service","endpoint":"GET /health/monitor","error":"The operation was aborted due to timeout"}}
{"ts":"2026-09-12T06:29:17.743Z","level":"warn","service":"health-monitor-service","message":"health.retry","meta":{"serviceName":"sessions-service","endpoint":"GET /health/monitor","attempt":1,"retryCount":2}}
{"ts":"2026-09-12T06:29:17.743Z","level":"warn","service":"health-monitor-service","message":"health.check_failed","meta":{"serviceName":"merchant-requests-service","endpoint":"GET /health","error":"The operation was aborted due to timeout"}}
{"ts":"2026-09-12T06:29:17.743Z","level":"warn","service":"health-monitor-service","message":"health.retry","meta":{"serviceName":"merchant-requests-service","endpoint":"GET /health","attempt":1,"retryCount":2}}
{"ts":"2026-09-12T06:29:17.743Z","level":"warn","service":"health-monitor-service","message":"health.check_failed","meta":{"serviceName":"merchant-requests-service","endpoint":"GET /health/monitor","error":"The operation was aborted due to timeout"}}
{"ts":"2026-09-12T06:29:17.743Z","level":"warn","service":"health-monitor-service","message":"health.retry","meta":{"serviceName":"merchant-requests-service","endpoint":"GET /health/monitor","attempt":1,"retryCount":2}}
{"ts":"2026-09-12T06:29:17.744Z","level":"warn","service":"health-monitor-service","message":"health.check_failed","meta":{"serviceName":"analytics-service","endpoint":"GET /health","error":"The operation was aborted due to timeout"}}
{"ts":"2026-09-12T06:29:17.745Z","level":"warn","service":"health-monitor-service","message":"health.retry","meta":{"serviceName":"analytics-service","endpoint":"GET /health","attempt":1,"retryCount":2}}
{"ts":"2026-09-12T06:29:17.745Z","level":"warn","service":"health-monitor-service","message":"health.check_failed","meta":{"serviceName":"analytics-service","endpoint":"GET /health/monitor","error":"The operation was aborted due to timeout"}}
{"ts":"2026-09-12T06:29:17.745Z","level":"warn","service":"health-monitor-service","message":"health.retry","meta":{"serviceName":"analytics-service","endpoint":"GET /health/monitor","attempt":1,"retryCount":2}}
{"ts":"2026-09-12T06:29:17.745Z","level":"warn","service":"health-monitor-service","message":"health.check_failed","meta":{"serviceName":"api-gateway","endpoint":"GET /health","error":"The operation was aborted due to timeout"}}
{"ts":"2026-09-12T06:29:17.745Z","level":"warn","service":"health-monitor-service","message":"health.retry","meta":{"serviceName":"api-gateway","endpoint":"GET /health","attempt":1,"retryCount":2}}
{"ts":"2026-09-12T06:29:17.745Z","level":"warn","service":"health-monitor-service","message":"health.check_failed","meta":{"serviceName":"api-gateway","endpoint":"GET /health/monitor","error":"The operation was aborted due to timeout"}}
{"ts":"2026-09-12T06:29:17.745Z","level":"warn","service":"health-monitor-service","message":"health.retry","meta":{"serviceName":"api-gateway","endpoint":"GET /health/monitor","attempt":1,"retryCount":2}}
{"ts":"2026-09-12T06:29:26.346Z","level":"warn","service":"health-monitor-service","message":"health.check_failed","meta":{"serviceName":"tenant-router","endpoint":"GET /health/monitor","error":"The operation was aborted due to timeout"}}
{"ts":"2026-09-12T06:29:26.346Z","level":"warn","service":"health-monitor-service","message":"health.retry","meta":{"serviceName":"tenant-router","endpoint":"GET /health/monitor","attempt":2,"retryCount":2}}
{"ts":"2026-09-12T06:29:26.348Z","level":"warn","service":"health-monitor-service","message":"health.check_failed","meta":{"serviceName":"tenant-router","endpoint":"GET /health","error":"The operation was aborted due to timeout"}}
{"ts":"2026-09-12T06:29:26.348Z","level":"warn","service":"health-monitor-service","message":"health.retry","meta":{"serviceName":"tenant-router","endpoint":"GET /health","attempt":2,"retryCount":2}}
{"ts":"2026-09-12T06:29:30.344Z","level":"warn","service":"health-monitor-service","message":"health.check_failed","meta":{"serviceName":"auth-service","endpoint":"GET /health","error":"The operation was aborted due to timeout"}}
{"ts":"2026-09-12T06:29:30.344Z","level":"warn","service":"health-monitor-service","message":"health.retry","meta":{"serviceName":"auth-service","endpoint":"GET /health","attempt":2,"retryCount":2}}
{"ts":"2026-09-12T06:29:30.344Z","level":"warn","service":"health-monitor-service","message":"health.check_failed","meta":{"serviceName":"auth-service","endpoint":"GET /health/monitor","error":"The operation was aborted due to timeout"}}
{"ts":"2026-09-12T06:29:30.344Z","level":"warn","service":"health-monitor-service","message":"health.retry","meta":{"serviceName":"auth-service","endpoint":"GET /health/monitor","attempt":2,"retryCount":2}}
{"ts":"2026-09-12T06:29:32.740Z","level":"warn","service":"health-monitor-service","message":"health.check_failed","meta":{"serviceName":"alerts-service","endpoint":"GET /health","error":"The operation was aborted due to timeout"}}
{"ts":"2026-09-12T06:29:32.740Z","level":"warn","service":"health-monitor-service","message":"health.retry","meta":{"serviceName":"alerts-service","endpoint":"GET /health","attempt":2,"retryCount":2}}
{"ts":"2026-09-12T06:29:32.741Z","level":"warn","service":"health-monitor-service","message":"health.check_failed","meta":{"serviceName":"alerts-service","endpoint":"GET /health/monitor","error":"The operation was aborted due to timeout"}}
{"ts":"2026-09-12T06:29:32.742Z","level":"warn","service":"health-monitor-service","message":"health.retry","meta":{"serviceName":"alerts-service","endpoint":"GET /health/monitor","attempt":2,"retryCount":2}}
{"ts":"2026-09-12T06:29:32.742Z","level":"warn","service":"health-monitor-service","message":"health.check_failed","meta":{"serviceName":"sessions-service","endpoint":"GET /health","error":"The operation was aborted due to timeout"}}
{"ts":"2026-09-12T06:29:32.742Z","level":"warn","service":"health-monitor-service","message":"health.retry","meta":{"serviceName":"sessions-service","endpoint":"GET /health","attempt":2,"retryCount":2}}
{"ts":"2026-09-12T06:29:32.743Z","level":"warn","service":"health-monitor-service","message":"health.check_failed","meta":{"serviceName":"sessions-service","endpoint":"GET /health/monitor","error":"The operation was aborted due to timeout"}}
{"ts":"2026-09-12T06:29:32.743Z","level":"warn","service":"health-monitor-service","message":"health.retry","meta":{"serviceName":"sessions-service","endpoint":"GET /health/monitor","attempt":2,"retryCount":2}}
{"ts":"2026-09-12T06:29:32.745Z","level":"warn","service":"health-monitor-service","message":"health.check_failed","meta":{"serviceName":"merchant-requests-service","endpoint":"GET /health","error":"The operation was aborted due to timeout"}}
{"ts":"2026-09-12T06:29:32.745Z","level":"warn","service":"health-monitor-service","message":"health.retry","meta":{"serviceName":"merchant-requests-service","endpoint":"GET /health","attempt":2,"retryCount":2}}
{"ts":"2026-09-12T06:29:32.745Z","level":"warn","service":"health-monitor-service","message":"health.check_failed","meta":{"serviceName":"merchant-requests-service","endpoint":"GET /health/monitor","error":"The operation was aborted due to timeout"}}
{"ts":"2026-09-12T06:29:32.745Z","level":"warn","service":"health-monitor-service","message":"health.retry","meta":{"serviceName":"merchant-requests-service","endpoint":"GET /health/monitor","attempt":2,"retryCount":2}}
{"ts":"2026-09-12T06:29:32.745Z","level":"warn","service":"health-monitor-service","message":"health.check_failed","meta":{"serviceName":"analytics-service","endpoint":"GET /health","error":"The operation was aborted due to timeout"}}
{"ts":"2026-09-12T06:29:32.745Z","level":"warn","service":"health-monitor-service","message":"health.retry","meta":{"serviceName":"analytics-service","endpoint":"GET /health","attempt":2,"retryCount":2}}
{"ts":"2026-09-12T06:29:32.745Z","level":"warn","service":"health-monitor-service","message":"health.check_failed","meta":{"serviceName":"analytics-service","endpoint":"GET /health/monitor","error":"The operation was aborted due to timeout"}}
{"ts":"2026-09-12T06:29:32.745Z","level":"warn","service":"health-monitor-service","message":"health.retry","meta":{"serviceName":"analytics-service","endpoint":"GET /health/monitor","attempt":2,"retryCount":2}}
{"ts":"2026-09-12T06:29:32.745Z","level":"warn","service":"health-monitor-service","message":"health.check_failed","meta":{"serviceName":"api-gateway","endpoint":"GET /health","error":"The operation was aborted due to timeout"}}
{"ts":"2026-09-12T06:29:32.745Z","level":"warn","service":"health-monitor-service","message":"health.retry","meta":{"serviceName":"api-gateway","endpoint":"GET /health","attempt":2,"retryCount":2}}
{"ts":"2026-09-12T06:29:32.745Z","level":"warn","service":"health-monitor-service","message":"health.check_failed","meta":{"serviceName":"api-gateway","endpoint":"GET /health/monitor","error":"The operation was aborted due to timeout"}}
{"ts":"2026-09-12T06:29:32.745Z","level":"warn","service":"health-monitor-service","message":"health.retry","meta":{"serviceName":"api-gateway","endpoint":"GET /health/monitor","attempt":2,"retryCount":2}}
{"ts":"2026-09-12T06:29:41.348Z","level":"warn","service":"health-monitor-service","message":"health.check_failed","meta":{"serviceName":"tenant-router","endpoint":"GET /health/monitor","error":"The operation was aborted due to timeout"}}
{"ts":"2026-09-12T06:29:41.358Z","level":"error","service":"health-monitor-service","message":"health.initial_run_failed","meta":{"serviceName":"tenant-router","endpoint":"GET /health/monitor","error":"Client must be connected before running operations"}}
{"ts":"2026-09-12T06:29:41.358Z","level":"warn","service":"health-monitor-service","message":"health.check_failed","meta":{"serviceName":"tenant-router","endpoint":"GET /health","error":"The operation was aborted due to timeout"}}
{"ts":"2026-09-12T06:29:41.360Z","level":"error","service":"health-monitor-service","message":"health.initial_run_failed","meta":{"serviceName":"tenant-router","endpoint":"GET /health","error":"Client must be connected before running operations"}}
{"ts":"2026-09-12T06:29:45.344Z","level":"warn","service":"health-monitor-service","message":"health.check_failed","meta":{"serviceName":"auth-service","endpoint":"GET /health","error":"The operation was aborted due to timeout"}}
{"ts":"2026-09-12T06:29:45.346Z","level":"error","service":"health-monitor-service","message":"health.initial_run_failed","meta":{"serviceName":"auth-service","endpoint":"GET /health","error":"Client must be connected before running operations"}}
{"ts":"2026-09-12T06:29:45.346Z","level":"warn","service":"health-monitor-service","message":"health.check_failed","meta":{"serviceName":"auth-service","endpoint":"GET /health/monitor","error":"The operation was aborted due to timeout"}}
{"ts":"2026-09-12T06:29:45.347Z","level":"error","service":"health-monitor-service","message":"health.initial_run_failed","meta":{"serviceName":"auth-service","endpoint":"GET /health/monitor","error":"Client must be connected before running operations"}}
{"ts":"2026-09-12T06:29:47.740Z","level":"warn","service":"health-monitor-service","message":"health.check_failed","meta":{"serviceName":"alerts-service","endpoint":"GET /health","error":"The operation was aborted due to timeout"}}
{"ts":"2026-09-12T06:29:47.741Z","level":"error","service":"health-monitor-service","message":"health.initial_run_failed","meta":{"serviceName":"alerts-service","endpoint":"GET /health","error":"Client must be connected before running operations"}}
{"ts":"2026-09-12T06:29:47.743Z","level":"warn","service":"health-monitor-service","message":"health.check_failed","meta":{"serviceName":"alerts-service","endpoint":"GET /health/monitor","error":"The operation was aborted due to timeout"}}
{"ts":"2026-09-12T06:29:47.744Z","level":"error","service":"health-monitor-service","message":"health.initial_run_failed","meta":{"serviceName":"alerts-service","endpoint":"GET /health/monitor","error":"Client must be connected before running operations"}}
{"ts":"2026-09-12T06:29:47.744Z","level":"warn","service":"health-monitor-service","message":"health.check_failed","meta":{"serviceName":"sessions-service","endpoint":"GET /health","error":"The operation was aborted due to timeout"}}
{"ts":"2026-09-12T06:29:47.745Z","level":"error","service":"health-monitor-service","message":"health.initial_run_failed","meta":{"serviceName":"sessions-service","endpoint":"GET /health","error":"Client must be connected before running operations"}}
{"ts":"2026-09-12T06:29:47.745Z","level":"warn","service":"health-monitor-service","message":"health.check_failed","meta":{"serviceName":"sessions-service","endpoint":"GET /health/monitor","error":"The operation was aborted due to timeout"}}
{"ts":"2026-09-12T06:29:47.746Z","level":"error","service":"health-monitor-service","message":"health.initial_run_failed","meta":{"serviceName":"sessions-service","endpoint":"GET /health/monitor","error":"Client must be connected before running operations"}}
{"ts":"2026-09-12T06:29:47.746Z","level":"warn","service":"health-monitor-service","message":"health.check_failed","meta":{"serviceName":"merchant-requests-service","endpoint":"GET /health","error":"The operation was aborted due to timeout"}}
{"ts":"2026-09-12T06:29:47.747Z","level":"error","service":"health-monitor-service","message":"health.initial_run_failed","meta":{"serviceName":"merchant-requests-service","endpoint":"GET /health","error":"Client must be connected before running operations"}}
{"ts":"2026-09-12T06:29:47.748Z","level":"warn","service":"health-monitor-service","message":"health.check_failed","meta":{"serviceName":"merchant-requests-service","endpoint":"GET /health/monitor","error":"The operation was aborted due to timeout"}}
{"ts":"2026-09-12T06:29:47.749Z","level":"error","service":"health-monitor-service","message":"health.initial_run_failed","meta":{"serviceName":"merchant-requests-service","endpoint":"GET /health/monitor","error":"Client must be connected before running operations"}}
{"ts":"2026-09-12T06:29:47.749Z","level":"warn","service":"health-monitor-service","message":"health.check_failed","meta":{"serviceName":"analytics-service","endpoint":"GET /health","error":"The operation was aborted due to timeout"}}
{"ts":"2026-09-12T06:29:47.750Z","level":"error","service":"health-monitor-service","message":"health.initial_run_failed","meta":{"serviceName":"analytics-service","endpoint":"GET /health","error":"Client must be connected before running operations"}}
{"ts":"2026-09-12T06:29:47.750Z","level":"warn","service":"health-monitor-service","message":"health.check_failed","meta":{"serviceName":"analytics-service","endpoint":"GET /health/monitor","error":"The operation was aborted due to timeout"}}
{"ts":"2026-09-12T06:29:47.751Z","level":"error","service":"health-monitor-service","message":"health.initial_run_failed","meta":{"serviceName":"analytics-service","endpoint":"GET /health/monitor","error":"Client must be connected before running operations"}}
{"ts":"2026-09-12T06:29:47.751Z","level":"warn","service":"health-monitor-service","message":"health.check_failed","meta":{"serviceName":"api-gateway","endpoint":"GET /health","error":"The operation was aborted due to timeout"}}
{"ts":"2026-09-12T06:29:47.752Z","level":"error","service":"health-monitor-service","message":"health.initial_run_failed","meta":{"serviceName":"api-gateway","endpoint":"GET /health","error":"Client must be connected before running operations"}}
{"ts":"2026-09-12T06:29:47.752Z","level":"warn","service":"health-monitor-service","message":"health.check_failed","meta":{"serviceName":"api-gateway","endpoint":"GET /health/monitor","error":"The operation was aborted due to timeout"}}
{"ts":"2026-09-12T06:29:47.753Z","level":"error","service":"health-monitor-service","message":"health.initial_run_failed","meta":{"serviceName":"api-gateway","endpoint":"GET /health/monitor","error":"Client must be connected before running operations"}}
